> Task :app:downloadTaskFile UP-TO-DATE
> Task :app:downloadTaskFile1 UP-TO-DATE
> Task :app:downloadTaskFile2 UP-TO-DATE
> Task :app:preBuild UP-TO-DATE
> Task :app:preDebugBuild UP-TO-DATE
> Task :app:mergeDebugNativeDebugMetadata NO-SOURCE
> Task :app:dataBindingMergeDependencyArtifactsDebug UP-TO-DATE
> Task :app:generateDebugResValues UP-TO-DATE
> Task :app:generateDebugResources UP-TO-DATE
> Task :app:mergeDebugResources UP-TO-DATE
> Task :app:packageDebugResources UP-TO-DATE
> Task :app:processDebugNavigationResources UP-TO-DATE
> Task :app:parseDebugLocalResources UP-TO-DATE
> Task :app:dataBindingGenBaseClassesDebug UP-TO-DATE
> Task :app:checkDebugAarMetadata UP-TO-DATE
> Task :app:compileDebugNavigationResources UP-TO-DATE
> Task :app:mapDebugSourceSetPaths UP-TO-DATE
> Task :app:createDebugCompatibleScreenManifests UP-TO-DATE
> Task :app:extractDeepLinksDebug UP-TO-DATE
> Task :app:processDebugMainManifest UP-TO-DATE
> Task :app:processDebugManifest UP-TO-DATE
> Task :app:processDebugManifestForPackage UP-TO-DATE
> Task :app:processDebugResources UP-TO-DATE
> Task :app:javaPreCompileDebug UP-TO-DATE
> Task :app:mergeDebugShaders UP-TO-DATE
> Task :app:compileDebugShaders NO-SOURCE
> Task :app:generateDebugAssets UP-TO-DATE
> Task :app:mergeDebugAssets UP-TO-DATE
> Task :app:compressDebugAssets UP-TO-DATE
> Task :app:checkDebugDuplicateClasses UP-TO-DATE
> Task :app:desugarDebugFileDependencies UP-TO-DATE
> Task :app:mergeExtDexDebug UP-TO-DATE
> Task :app:mergeLibDexDebug UP-TO-DATE
> Task :app:mergeDebugJniLibFolders UP-TO-DATE
> Task :app:mergeDebugNativeLibs UP-TO-DATE
> Task :app:stripDebugDebugSymbols UP-TO-DATE
> Task :app:validateSigningDebug UP-TO-DATE
> Task :app:writeDebugAppMetadata UP-TO-DATE
> Task :app:writeDebugSigningConfigVersions UP-TO-DATE

> Task :app:compileDebugKotlin
e: file:///D:/Desktop/TT_Coach_AI/app/src/main/java/com/google/mediapipe/examples/poselandmarker/TrainingActivity.kt:278:13 Unresolved reference: uiController
e: file:///D:/Desktop/TT_Coach_AI/app/src/main/java/com/google/mediapipe/examples/poselandmarker/managers/TrainingUIController.kt:21:17 Unresolved reference: btnStartStop
e: file:///D:/Desktop/TT_Coach_AI/app/src/main/java/com/google/mediapipe/examples/poselandmarker/managers/TrainingUIController.kt:21:30 Variable expected
e: file:///D:/Desktop/TT_Coach_AI/app/src/main/java/com/google/mediapipe/examples/poselandmarker/managers/TrainingUIController.kt:26:17 Unresolved reference: tvCalibrationStatus
e: file:///D:/Desktop/TT_Coach_AI/app/src/main/java/com/google/mediapipe/examples/poselandmarker/managers/TrainingUIController.kt:26:37 Variable expected
e: file:///D:/Desktop/TT_Coach_AI/app/src/main/java/com/google/mediapipe/examples/poselandmarker/managers/TrainingUIController.kt:27:17 Unresolved reference: tvCalibrationStatus
e: file:///D:/Desktop/TT_Coach_AI/app/src/main/java/com/google/mediapipe/examples/poselandmarker/managers/TrainingUIController.kt:27:37 Variable expected
e: file:///D:/Desktop/TT_Coach_AI/app/src/main/java/com/google/mediapipe/examples/poselandmarker/managers/TrainingUIController.kt:29:17 Unresolved reference: btnCalibrate
e: file:///D:/Desktop/TT_Coach_AI/app/src/main/java/com/google/mediapipe/examples/poselandmarker/managers/TrainingUIController.kt:29:30 Variable expected
e: file:///D:/Desktop/TT_Coach_AI/app/src/main/java/com/google/mediapipe/examples/poselandmarker/managers/TrainingUIController.kt:34:17 Unresolved reference: tvCalibrationStatus
e: file:///D:/Desktop/TT_Coach_AI/app/src/main/java/com/google/mediapipe/examples/poselandmarker/managers/TrainingUIController.kt:34:37 Variable expected
e: file:///D:/Desktop/TT_Coach_AI/app/src/main/java/com/google/mediapipe/examples/poselandmarker/managers/TrainingUIController.kt:36:21 Unresolved reference: tvCalibrationStatus
e: file:///D:/Desktop/TT_Coach_AI/app/src/main/java/com/google/mediapipe/examples/poselandmarker/managers/TrainingUIController.kt:36:41 Variable expected
e: file:///D:/Desktop/TT_Coach_AI/app/src/main/java/com/google/mediapipe/examples/poselandmarker/managers/TrainingUIController.kt:37:21 Unresolved reference: btnStartStop
e: file:///D:/Desktop/TT_Coach_AI/app/src/main/java/com/google/mediapipe/examples/poselandmarker/managers/TrainingUIController.kt:37:34 Variable expected
e: file:///D:/Desktop/TT_Coach_AI/app/src/main/java/com/google/mediapipe/examples/poselandmarker/managers/TrainingUIController.kt:38:21 Unresolved reference: btnCalibrate
e: file:///D:/Desktop/TT_Coach_AI/app/src/main/java/com/google/mediapipe/examples/poselandmarker/managers/TrainingUIController.kt:38:34 Variable expected
e: file:///D:/Desktop/TT_Coach_AI/app/src/main/java/com/google/mediapipe/examples/poselandmarker/managers/TrainingUIController.kt:46:17 Unresolved reference: btnStartStop
e: file:///D:/Desktop/TT_Coach_AI/app/src/main/java/com/google/mediapipe/examples/poselandmarker/managers/TrainingUIController.kt:46:30 Variable expected
e: file:///D:/Desktop/TT_Coach_AI/app/src/main/java/com/google/mediapipe/examples/poselandmarker/managers/TrainingUIController.kt:47:17 Unresolved reference: btnStartStop
e: file:///D:/Desktop/TT_Coach_AI/app/src/main/java/com/google/mediapipe/examples/poselandmarker/managers/TrainingUIController.kt:50:17 Unresolved reference: btnCalibrate
e: file:///D:/Desktop/TT_Coach_AI/app/src/main/java/com/google/mediapipe/examples/poselandmarker/managers/TrainingUIController.kt:50:30 Variable expected
e: file:///D:/Desktop/TT_Coach_AI/app/src/main/java/com/google/mediapipe/examples/poselandmarker/managers/TrainingUIController.kt:51:17 Unresolved reference: layoutStats
e: file:///D:/Desktop/TT_Coach_AI/app/src/main/java/com/google/mediapipe/examples/poselandmarker/managers/TrainingUIController.kt:51:29 Variable expected
e: file:///D:/Desktop/TT_Coach_AI/app/src/main/java/com/google/mediapipe/examples/poselandmarker/managers/TrainingUIController.kt:56:17 Unresolved reference: btnStartStop
e: file:///D:/Desktop/TT_Coach_AI/app/src/main/java/com/google/mediapipe/examples/poselandmarker/managers/TrainingUIController.kt:56:30 Variable expected
e: file:///D:/Desktop/TT_Coach_AI/app/src/main/java/com/google/mediapipe/examples/poselandmarker/managers/TrainingUIController.kt:57:17 Unresolved reference: btnStartStop
e: file:///D:/Desktop/TT_Coach_AI/app/src/main/java/com/google/mediapipe/examples/poselandmarker/managers/TrainingUIController.kt:60:17 Unresolved reference: btnCalibrate
e: file:///D:/Desktop/TT_Coach_AI/app/src/main/java/com/google/mediapipe/examples/poselandmarker/managers/TrainingUIController.kt:60:30 Variable expected
e: file:///D:/Desktop/TT_Coach_AI/app/src/main/java/com/google/mediapipe/examples/poselandmarker/managers/TrainingUIController.kt:61:17 Unresolved reference: layoutStats
e: file:///D:/Desktop/TT_Coach_AI/app/src/main/java/com/google/mediapipe/examples/poselandmarker/managers/TrainingUIController.kt:61:29 Variable expected
e: file:///D:/Desktop/TT_Coach_AI/app/src/main/java/com/google/mediapipe/examples/poselandmarker/managers/TrainingUIController.kt:66:17 Unresolved reference: tvStrokeCount
e: file:///D:/Desktop/TT_Coach_AI/app/src/main/java/com/google/mediapipe/examples/poselandmarker/managers/TrainingUIController.kt:66:31 Variable expected
e: file:///D:/Desktop/TT_Coach_AI/app/src/main/java/com/google/mediapipe/examples/poselandmarker/managers/TrainingUIController.kt:70:17 Unresolved reference: tvAverageScore
e: file:///D:/Desktop/TT_Coach_AI/app/src/main/java/com/google/mediapipe/examples/poselandmarker/managers/TrainingUIController.kt:70:32 Variable expected
e: file:///D:/Desktop/TT_Coach_AI/app/src/main/java/com/google/mediapipe/examples/poselandmarker/managers/TrainingUIController.kt:77:17 Unresolved reference: feedbackText
e: file:///D:/Desktop/TT_Coach_AI/app/src/main/java/com/google/mediapipe/examples/poselandmarker/managers/TrainingUIController.kt:77:30 Variable expected

> Task :app:compileDebugKotlin FAILED

[Incubating] Problems report is available at: file:///D:/Desktop/TT_Coach_AI/build/reports/problems/problems-report.html

FAILURE: Build failed with an exception.

* What went wrong:
Execution failed for task ':app:compileDebugKotlin'.
> A failure occurred while executing org.jetbrains.kotlin.compilerRunner.GradleCompilerRunnerWithWorkers$GradleKotlinCompilerWorkAction
   > Compilation error. See log for more details

* Try:
> Run with --stacktrace option to get the stack trace.
> Run with --info or --debug option to get more log output.
> Run with --scan to get full insights.
> Get more help at https://help.gradle.org.

Deprecated Gradle features were used in this build, making it incompatible with Gradle 9.0.

You can use '--warning-mode all' to show the individual deprecation warnings and determine if they come from your own scripts or plugins.

For more on this, please refer to https://docs.gradle.org/8.14.3/userguide/command_line_interface.html#sec:command_line_warnings in the Gradle documentation.

BUILD FAILED in 9s
35 actionable tasks: 1 executed, 34 up-to-date
