> Task :app:downloadTaskFile UP-TO-DATE
> Task :app:downloadTaskFile1 UP-TO-DATE
> Task :app:downloadTaskFile2 UP-TO-DATE
> Task :app:preBuild UP-TO-DATE
> Task :app:preDebugBuild UP-TO-DATE
> Task :app:dataBindingMergeDependencyArtifactsDebug UP-TO-DATE
> Task :app:generateDebugResValues UP-TO-DATE
> Task :app:generateDebugResources UP-TO-DATE

> Task :app:mergeDebugResources FAILED
ERROR: D:\Desktop\TT_Coach_AI\app\src\main\res\values\strings.xml: Resource and asset merger: Found item String/btn_pause more than one time
ERROR: D:\Desktop\TT_Coach_AI\app\src\main\res\values-uk\strings.xml: Resource and asset merger: Found item String/btn_pause more than one time

[Incubating] Problems report is available at: file:///D:/Desktop/TT_Coach_AI/build/reports/problems/problems-report.html

FAILURE: Build failed with an exception.

* What went wrong:
Execution failed for task ':app:mergeDebugResources'.
> D:\Desktop\TT_Coach_AI\app\src\main\res\values\strings.xml: Error: Found item String/btn_pause more than one time
  D:\Desktop\TT_Coach_AI\app\src\main\res\values-uk\strings.xml: Error: Found item String/btn_pause more than one time

* Try:
> Run with --stacktrace option to get the stack trace.
> Run with --info or --debug option to get more log output.
> Run with --scan to get full insights.
> Get more help at https://help.gradle.org.

Deprecated Gradle features were used in this build, making it incompatible with Gradle 9.0.

You can use '--warning-mode all' to show the individual deprecation warnings and determine if they come from your own scripts or plugins.

For more on this, please refer to https://docs.gradle.org/8.14.3/userguide/command_line_interface.html#sec:command_line_warnings in the Gradle documentation.

BUILD FAILED in 2s
7 actionable tasks: 1 executed, 6 up-to-date
