.\gradlew : e: file:///D:/Desktop/TT_Coach_AI/app/src/main/java/com/google/mediapipe/examples/poselandmarker/
LoginActivity.kt:71:28 Unresolved reference: lifecycleScope
At line:1 char:1
+ .\gradlew compileDebugKotlin --quiet > compile_errors.txt 2>&1
+ ~~~~~~~~~~~~~~~~~~~~~~~~~~~~~~~~~~~~~~~~~~~~~~~~~~~~~~~~~~~~~~
    + CategoryInfo          : NotSpecified: (e: file:///D:/D... lifecycleScope:String) [], RemoteException
    + FullyQualifiedErrorId : NativeCommandError
 
e: file:///D:/Desktop/TT_Coach_AI/app/src/main/java/com/google/mediapipe/examples/poselandmarker/LoginActivit
y.kt:72:31 Suspend function 'collect' should be called only from a coroutine or another suspend function
e: file:///D:/Desktop/TT_Coach_AI/app/src/main/java/com/google/mediapipe/examples/poselandmarker/TrainingActi
vity.kt:182:104 Unresolved reference: getChildAt
e: file:///D:/Desktop/TT_Coach_AI/app/src/main/java/com/google/mediapipe/examples/poselandmarker/TrainingActi
vity.kt:183:112 Unresolved reference: getChildAt
e: file:///D:/Desktop/TT_Coach_AI/app/src/main/java/com/google/mediapipe/examples/poselandmarker/fragment/Pro
fileFragment.kt:66:28 Unresolved reference: lifecycleScope
e: file:///D:/Desktop/TT_Coach_AI/app/src/main/java/com/google/mediapipe/examples/poselandmarker/fragment/Pro
fileFragment.kt:67:31 Suspend function 'collect' should be called only from a coroutine or another suspend fu
nction
e: file:///D:/Desktop/TT_Coach_AI/app/src/main/java/com/google/mediapipe/examples/poselandmarker/fragment/Set
tingsFragment.kt:42:9 'when' expression must be exhaustive, add necessary 'MOTIVATIONAL_ENERGETIC', 'PRECISE_
TECHNICAL', 'GENTLE_SUPPORTIVE' branches or 'else' branch instead
e: file:///D:/Desktop/TT_Coach_AI/app/src/main/java/com/google/mediapipe/examples/poselandmarker/fragment/Set
tingsFragment.kt:43:79 Unresolved reference: VADYM
e: file:///D:/Desktop/TT_Coach_AI/app/src/main/java/com/google/mediapipe/examples/poselandmarker/fragment/Set
tingsFragment.kt:44:79 Unresolved reference: IVAN
e: file:///D:/Desktop/TT_Coach_AI/app/src/main/java/com/google/mediapipe/examples/poselandmarker/fragment/Set
tingsFragment.kt:45:79 Unresolved reference: ANDRIY
e: file:///D:/Desktop/TT_Coach_AI/app/src/main/java/com/google/mediapipe/examples/poselandmarker/fragment/Set
tingsFragment.kt:54:111 Unresolved reference: VADYM
e: file:///D:/Desktop/TT_Coach_AI/app/src/main/java/com/google/mediapipe/examples/poselandmarker/fragment/Set
tingsFragment.kt:55:110 Unresolved reference: IVAN
e: file:///D:/Desktop/TT_Coach_AI/app/src/main/java/com/google/mediapipe/examples/poselandmarker/fragment/Set
tingsFragment.kt:56:95 Unresolved reference: ANDRIY

FAILURE: Build failed with an exception.

* What went wrong:
Execution failed for task ':app:compileDebugKotlin'.
> A failure occurred while executing org.jetbrains.kotlin.compilerRunner.GradleCompilerRunnerWithWorkers$Grad
leKotlinCompilerWorkAction
   > Compilation error. See log for more details

* Try:
> Run with --stacktrace option to get the stack trace.
> Run with --info or --debug option to get more log output.
> Run with --scan to get full insights.
> Get more help at https://help.gradle.org.

BUILD FAILED in 6s
